
> my-portfolio@0.0.0 build
> tsc -b && vite build

src/components/ui/3d-globe.tsx(124,3): error TS6133: 'defaultSize' is declared but its value is never read.
src/components/ui/spinning-globe.tsx(2,19): error TS1484: 'GlobeMarker' is a type and must be imported using a type-only import when 'verbatimModuleSyntax' is enabled.
